2025/07/25 23:15:13 [emerg] 768939#0: open() "/home/vincent/Repositories/Practice-Prototypes/Starters/Servers/nginx/conf/nginx.conf" failed (2: No such file or directory)
2025/07/25 23:15:33 [emerg] 769368#0: open() "/home/vincent/Repositories/Practice-Prototypes/Starters/Servers/nginx/conf/nginx.conf" failed (2: No such file or directory)
2025/07/25 23:18:36 [emerg] 773045#0: open() "/home/vincent/Repositories/Practice-Prototypes/Starters/Servers/nginx/conf/mime.types" failed (2: No such file or directory) in /home/vincent/Repositories/Practice-Prototypes/Starters/Servers/nginx/conf/nginx.conf:18
2025/07/25 23:18:47 [emerg] 773269#0: open() "/home/vincent/Repositories/Practice-Prototypes/Starters/Servers/nginx/conf/mime.types" failed (2: No such file or directory) in /home/vincent/Repositories/Practice-Prototypes/Starters/Servers/nginx/conf/nginx.conf:18
2025/07/25 23:21:14 [emerg] 776286#0: bind() to 0.0.0.0:80 failed (13: Permission denied)
2025/07/25 23:24:38 [emerg] 780342#0: unknown log format "main" in /home/vincent/Repositories/Practice-Prototypes/Starters/Servers/nginx/conf/nginx.conf:25
2025/07/25 23:24:59 [notice] 780757#0: using the "epoll" event method
2025/07/25 23:24:59 [notice] 780757#0: using the "epoll" event method
2025/07/25 23:24:59 [notice] 780757#0: nginx/1.28.0
2025/07/25 23:24:59 [notice] 780757#0: nginx/1.28.0
2025/07/25 23:24:59 [notice] 780757#0: built by gcc 13.3.0 (Ubuntu 13.3.0-6ubuntu2~24.04) 
2025/07/25 23:24:59 [notice] 780757#0: built by gcc 13.3.0 (Ubuntu 13.3.0-6ubuntu2~24.04) 
2025/07/25 23:24:59 [notice] 780757#0: OS: Linux 6.8.0-64-lowlatency
2025/07/25 23:24:59 [notice] 780757#0: OS: Linux 6.8.0-64-lowlatency
2025/07/25 23:24:59 [notice] 780757#0: getrlimit(RLIMIT_NOFILE): 1024:1048576
2025/07/25 23:24:59 [notice] 780757#0: getrlimit(RLIMIT_NOFILE): 1024:1048576
2025/07/25 23:24:59 [notice] 780758#0: start worker processes
2025/07/25 23:24:59 [notice] 780758#0: start worker processes
2025/07/25 23:24:59 [notice] 780758#0: start worker process 780759
2025/07/25 23:24:59 [notice] 780758#0: start worker process 780759
2025/07/25 23:29:05 [notice] 780758#0: signal 15 (SIGTERM) received from 785661, exiting
2025/07/25 23:29:05 [notice] 780759#0: signal 15 (SIGTERM) received from 785661, exiting
2025/07/25 23:29:05 [notice] 780758#0: signal 15 (SIGTERM) received from 785661, exiting
2025/07/25 23:29:05 [notice] 780759#0: signal 15 (SIGTERM) received from 785661, exiting
2025/07/25 23:29:05 [info] 780759#0: epoll_wait() failed (4: Interrupted system call)
2025/07/25 23:29:05 [notice] 780759#0: exiting
2025/07/25 23:29:05 [notice] 780759#0: exiting
2025/07/25 23:29:05 [notice] 780759#0: exit
2025/07/25 23:29:05 [notice] 780758#0: signal 17 (SIGCHLD) received from 780759
2025/07/25 23:29:05 [notice] 780758#0: signal 17 (SIGCHLD) received from 780759
2025/07/25 23:29:05 [notice] 780758#0: worker process 780759 exited with code 0
2025/07/25 23:29:05 [notice] 780758#0: worker process 780759 exited with code 0
2025/07/25 23:29:05 [notice] 780758#0: exit
2025/07/25 23:29:05 [notice] 780758#0: exit
2025/07/25 23:30:35 [notice] 787520#0: using the "epoll" event method
2025/07/25 23:30:35 [notice] 787520#0: using the "epoll" event method
2025/07/25 23:30:35 [notice] 787520#0: nginx/1.28.0
2025/07/25 23:30:35 [notice] 787520#0: nginx/1.28.0
2025/07/25 23:30:35 [notice] 787520#0: built by gcc 13.3.0 (Ubuntu 13.3.0-6ubuntu2~24.04) 
2025/07/25 23:30:35 [notice] 787520#0: built by gcc 13.3.0 (Ubuntu 13.3.0-6ubuntu2~24.04) 
2025/07/25 23:30:35 [notice] 787520#0: OS: Linux 6.8.0-64-lowlatency
2025/07/25 23:30:35 [notice] 787520#0: OS: Linux 6.8.0-64-lowlatency
2025/07/25 23:30:35 [notice] 787520#0: getrlimit(RLIMIT_NOFILE): 1024:1048576
2025/07/25 23:30:35 [notice] 787520#0: getrlimit(RLIMIT_NOFILE): 1024:1048576
2025/07/25 23:30:35 [notice] 787521#0: start worker processes
2025/07/25 23:30:35 [notice] 787521#0: start worker processes
2025/07/25 23:30:35 [notice] 787521#0: start worker process 787522
2025/07/25 23:30:35 [notice] 787521#0: start worker process 787522
2025/07/25 23:32:00 [emerg] 789293#0: bind() to 0.0.0.0:9003 failed (98: Address already in use)
2025/07/25 23:32:00 [emerg] 789293#0: bind() to 0.0.0.0:9003 failed (98: Address already in use)
2025/07/25 23:32:00 [emerg] 789293#0: bind() to 0.0.0.0:9003 failed (98: Address already in use)
2025/07/25 23:32:00 [notice] 789293#0: try again to bind() after 500ms
2025/07/25 23:32:00 [notice] 789293#0: try again to bind() after 500ms
2025/07/25 23:32:00 [emerg] 789293#0: bind() to 0.0.0.0:9003 failed (98: Address already in use)
2025/07/25 23:32:00 [emerg] 789293#0: bind() to 0.0.0.0:9003 failed (98: Address already in use)
2025/07/25 23:32:00 [emerg] 789293#0: bind() to 0.0.0.0:9003 failed (98: Address already in use)
2025/07/25 23:32:00 [notice] 789293#0: try again to bind() after 500ms
2025/07/25 23:32:00 [notice] 789293#0: try again to bind() after 500ms
2025/07/25 23:32:00 [emerg] 789293#0: bind() to 0.0.0.0:9003 failed (98: Address already in use)
2025/07/25 23:32:00 [emerg] 789293#0: bind() to 0.0.0.0:9003 failed (98: Address already in use)
2025/07/25 23:32:00 [emerg] 789293#0: bind() to 0.0.0.0:9003 failed (98: Address already in use)
2025/07/25 23:32:00 [notice] 789293#0: try again to bind() after 500ms
2025/07/25 23:32:00 [notice] 789293#0: try again to bind() after 500ms
2025/07/25 23:32:00 [emerg] 789293#0: bind() to 0.0.0.0:9003 failed (98: Address already in use)
2025/07/25 23:32:00 [emerg] 789293#0: bind() to 0.0.0.0:9003 failed (98: Address already in use)
2025/07/25 23:32:00 [emerg] 789293#0: bind() to 0.0.0.0:9003 failed (98: Address already in use)
2025/07/25 23:32:00 [notice] 789293#0: try again to bind() after 500ms
2025/07/25 23:32:00 [notice] 789293#0: try again to bind() after 500ms
2025/07/25 23:32:00 [emerg] 789293#0: bind() to 0.0.0.0:9003 failed (98: Address already in use)
2025/07/25 23:32:00 [emerg] 789293#0: bind() to 0.0.0.0:9003 failed (98: Address already in use)
2025/07/25 23:32:00 [emerg] 789293#0: bind() to 0.0.0.0:9003 failed (98: Address already in use)
2025/07/25 23:32:00 [notice] 789293#0: try again to bind() after 500ms
2025/07/25 23:32:00 [notice] 789293#0: try again to bind() after 500ms
2025/07/25 23:32:00 [emerg] 789293#0: still could not bind()
2025/07/25 23:32:00 [emerg] 789293#0: still could not bind()
2025/07/25 23:32:00 [emerg] 789293#0: still could not bind()
2025/07/25 23:33:39 [emerg] 791326#0: bind() to 0.0.0.0:9003 failed (98: Address already in use)
2025/07/25 23:33:39 [emerg] 791326#0: bind() to 0.0.0.0:9003 failed (98: Address already in use)
2025/07/25 23:33:39 [emerg] 791326#0: bind() to 0.0.0.0:9003 failed (98: Address already in use)
2025/07/25 23:33:39 [notice] 791326#0: try again to bind() after 500ms
2025/07/25 23:33:39 [notice] 791326#0: try again to bind() after 500ms
2025/07/25 23:33:39 [emerg] 791326#0: bind() to 0.0.0.0:9003 failed (98: Address already in use)
2025/07/25 23:33:39 [emerg] 791326#0: bind() to 0.0.0.0:9003 failed (98: Address already in use)
2025/07/25 23:33:39 [emerg] 791326#0: bind() to 0.0.0.0:9003 failed (98: Address already in use)
2025/07/25 23:33:39 [notice] 791326#0: try again to bind() after 500ms
2025/07/25 23:33:39 [notice] 791326#0: try again to bind() after 500ms
2025/07/25 23:33:39 [emerg] 791326#0: bind() to 0.0.0.0:9003 failed (98: Address already in use)
2025/07/25 23:33:39 [emerg] 791326#0: bind() to 0.0.0.0:9003 failed (98: Address already in use)
2025/07/25 23:33:39 [emerg] 791326#0: bind() to 0.0.0.0:9003 failed (98: Address already in use)
2025/07/25 23:33:39 [notice] 791326#0: try again to bind() after 500ms
2025/07/25 23:33:39 [notice] 791326#0: try again to bind() after 500ms
2025/07/25 23:33:39 [emerg] 791326#0: bind() to 0.0.0.0:9003 failed (98: Address already in use)
2025/07/25 23:33:39 [emerg] 791326#0: bind() to 0.0.0.0:9003 failed (98: Address already in use)
2025/07/25 23:33:39 [emerg] 791326#0: bind() to 0.0.0.0:9003 failed (98: Address already in use)
2025/07/25 23:33:39 [notice] 791326#0: try again to bind() after 500ms
2025/07/25 23:33:39 [notice] 791326#0: try again to bind() after 500ms
2025/07/25 23:33:39 [emerg] 791326#0: bind() to 0.0.0.0:9003 failed (98: Address already in use)
2025/07/25 23:33:39 [emerg] 791326#0: bind() to 0.0.0.0:9003 failed (98: Address already in use)
2025/07/25 23:33:39 [emerg] 791326#0: bind() to 0.0.0.0:9003 failed (98: Address already in use)
2025/07/25 23:33:39 [notice] 791326#0: try again to bind() after 500ms
2025/07/25 23:33:39 [notice] 791326#0: try again to bind() after 500ms
2025/07/25 23:33:39 [emerg] 791326#0: still could not bind()
2025/07/25 23:33:39 [emerg] 791326#0: still could not bind()
2025/07/25 23:33:39 [emerg] 791326#0: still could not bind()
2025/07/25 23:34:52 [notice] 787522#0: signal 15 (SIGTERM) received from 792788, exiting
2025/07/25 23:34:52 [notice] 787521#0: signal 15 (SIGTERM) received from 792788, exiting
2025/07/25 23:34:52 [notice] 787522#0: signal 15 (SIGTERM) received from 792788, exiting
2025/07/25 23:34:52 [notice] 787521#0: signal 15 (SIGTERM) received from 792788, exiting
2025/07/25 23:34:52 [info] 787522#0: epoll_wait() failed (4: Interrupted system call)
2025/07/25 23:34:52 [notice] 787522#0: exiting
2025/07/25 23:34:52 [notice] 787522#0: exiting
2025/07/25 23:34:52 [notice] 787522#0: exit
2025/07/25 23:34:52 [notice] 787521#0: signal 17 (SIGCHLD) received from 787522
2025/07/25 23:34:52 [notice] 787521#0: signal 17 (SIGCHLD) received from 787522
2025/07/25 23:34:52 [notice] 787521#0: worker process 787522 exited with code 0
2025/07/25 23:34:52 [notice] 787521#0: worker process 787522 exited with code 0
2025/07/25 23:34:52 [notice] 787521#0: exit
2025/07/25 23:34:52 [notice] 787521#0: exit
2025/07/25 23:35:04 [notice] 792998#0: using the "epoll" event method
2025/07/25 23:35:04 [notice] 792998#0: using the "epoll" event method
2025/07/25 23:35:04 [notice] 792998#0: nginx/1.28.0
2025/07/25 23:35:04 [notice] 792998#0: nginx/1.28.0
2025/07/25 23:35:04 [notice] 792998#0: built by gcc 13.3.0 (Ubuntu 13.3.0-6ubuntu2~24.04) 
2025/07/25 23:35:04 [notice] 792998#0: built by gcc 13.3.0 (Ubuntu 13.3.0-6ubuntu2~24.04) 
2025/07/25 23:35:04 [notice] 792998#0: OS: Linux 6.8.0-64-lowlatency
2025/07/25 23:35:04 [notice] 792998#0: OS: Linux 6.8.0-64-lowlatency
2025/07/25 23:35:04 [notice] 792998#0: getrlimit(RLIMIT_NOFILE): 1024:1048576
2025/07/25 23:35:04 [notice] 792998#0: getrlimit(RLIMIT_NOFILE): 1024:1048576
2025/07/25 23:35:04 [notice] 792999#0: start worker processes
2025/07/25 23:35:04 [notice] 792999#0: start worker processes
2025/07/25 23:35:04 [notice] 792999#0: start worker process 793000
2025/07/25 23:35:04 [notice] 792999#0: start worker process 793000
2025/07/25 23:35:10 [notice] 792999#0: signal 15 (SIGTERM) received from 793193, exiting
2025/07/25 23:35:10 [notice] 793000#0: signal 15 (SIGTERM) received from 793193, exiting
2025/07/25 23:35:10 [notice] 792999#0: signal 15 (SIGTERM) received from 793193, exiting
2025/07/25 23:35:10 [notice] 793000#0: signal 15 (SIGTERM) received from 793193, exiting
2025/07/25 23:35:10 [info] 793000#0: epoll_wait() failed (4: Interrupted system call)
2025/07/25 23:35:10 [notice] 793000#0: exiting
2025/07/25 23:35:10 [notice] 793000#0: exiting
2025/07/25 23:35:10 [notice] 793000#0: exit
2025/07/25 23:35:10 [notice] 792999#0: signal 17 (SIGCHLD) received from 793000
2025/07/25 23:35:10 [notice] 792999#0: signal 17 (SIGCHLD) received from 793000
2025/07/25 23:35:10 [notice] 792999#0: worker process 793000 exited with code 0
2025/07/25 23:35:10 [notice] 792999#0: worker process 793000 exited with code 0
2025/07/25 23:35:10 [notice] 792999#0: exit
2025/07/25 23:35:10 [notice] 792999#0: exit
2025/07/25 23:44:08 [notice] 805357#0: using the "epoll" event method
2025/07/25 23:44:08 [notice] 805357#0: using the "epoll" event method
2025/07/25 23:44:08 [notice] 805357#0: nginx/1.28.0
2025/07/25 23:44:08 [notice] 805357#0: nginx/1.28.0
2025/07/25 23:44:08 [notice] 805357#0: built by gcc 13.3.0 (Ubuntu 13.3.0-6ubuntu2~24.04) 
2025/07/25 23:44:08 [notice] 805357#0: built by gcc 13.3.0 (Ubuntu 13.3.0-6ubuntu2~24.04) 
2025/07/25 23:44:08 [notice] 805357#0: OS: Linux 6.8.0-64-lowlatency
2025/07/25 23:44:08 [notice] 805357#0: OS: Linux 6.8.0-64-lowlatency
2025/07/25 23:44:08 [notice] 805357#0: getrlimit(RLIMIT_NOFILE): 1024:1048576
2025/07/25 23:44:08 [notice] 805357#0: getrlimit(RLIMIT_NOFILE): 1024:1048576
2025/07/25 23:44:08 [notice] 805358#0: start worker processes
2025/07/25 23:44:08 [notice] 805358#0: start worker processes
2025/07/25 23:44:08 [notice] 805358#0: start worker process 805359
2025/07/25 23:44:08 [notice] 805358#0: start worker process 805359
2025/07/25 23:45:10 [emerg] 806612#0: bind() to 0.0.0.0:9003 failed (98: Address already in use)
2025/07/25 23:45:10 [emerg] 806612#0: bind() to 0.0.0.0:9003 failed (98: Address already in use)
2025/07/25 23:45:10 [emerg] 806612#0: bind() to 0.0.0.0:9003 failed (98: Address already in use)
2025/07/25 23:45:10 [notice] 806612#0: try again to bind() after 500ms
2025/07/25 23:45:10 [notice] 806612#0: try again to bind() after 500ms
2025/07/25 23:45:10 [emerg] 806612#0: bind() to 0.0.0.0:9003 failed (98: Address already in use)
2025/07/25 23:45:10 [emerg] 806612#0: bind() to 0.0.0.0:9003 failed (98: Address already in use)
2025/07/25 23:45:10 [emerg] 806612#0: bind() to 0.0.0.0:9003 failed (98: Address already in use)
2025/07/25 23:45:10 [notice] 806612#0: try again to bind() after 500ms
2025/07/25 23:45:10 [notice] 806612#0: try again to bind() after 500ms
2025/07/25 23:45:10 [emerg] 806612#0: bind() to 0.0.0.0:9003 failed (98: Address already in use)
2025/07/25 23:45:10 [emerg] 806612#0: bind() to 0.0.0.0:9003 failed (98: Address already in use)
2025/07/25 23:45:10 [emerg] 806612#0: bind() to 0.0.0.0:9003 failed (98: Address already in use)
2025/07/25 23:45:10 [notice] 806612#0: try again to bind() after 500ms
2025/07/25 23:45:10 [notice] 806612#0: try again to bind() after 500ms
2025/07/25 23:45:10 [emerg] 806612#0: bind() to 0.0.0.0:9003 failed (98: Address already in use)
2025/07/25 23:45:10 [emerg] 806612#0: bind() to 0.0.0.0:9003 failed (98: Address already in use)
2025/07/25 23:45:10 [emerg] 806612#0: bind() to 0.0.0.0:9003 failed (98: Address already in use)
2025/07/25 23:45:10 [notice] 806612#0: try again to bind() after 500ms
2025/07/25 23:45:10 [notice] 806612#0: try again to bind() after 500ms
2025/07/25 23:45:10 [emerg] 806612#0: bind() to 0.0.0.0:9003 failed (98: Address already in use)
2025/07/25 23:45:10 [emerg] 806612#0: bind() to 0.0.0.0:9003 failed (98: Address already in use)
2025/07/25 23:45:10 [emerg] 806612#0: bind() to 0.0.0.0:9003 failed (98: Address already in use)
2025/07/25 23:45:10 [notice] 806612#0: try again to bind() after 500ms
2025/07/25 23:45:10 [notice] 806612#0: try again to bind() after 500ms
2025/07/25 23:45:10 [emerg] 806612#0: still could not bind()
2025/07/25 23:45:10 [emerg] 806612#0: still could not bind()
2025/07/25 23:45:10 [emerg] 806612#0: still could not bind()
2025/07/25 23:45:15 [notice] 805358#0: signal 15 (SIGTERM) received from 806730, exiting
2025/07/25 23:45:15 [notice] 805358#0: signal 15 (SIGTERM) received from 806730, exiting
2025/07/25 23:45:15 [notice] 805359#0: signal 15 (SIGTERM) received from 806730, exiting
2025/07/25 23:45:15 [notice] 805359#0: signal 15 (SIGTERM) received from 806730, exiting
2025/07/25 23:45:15 [info] 805359#0: epoll_wait() failed (4: Interrupted system call)
2025/07/25 23:45:15 [notice] 805359#0: exiting
2025/07/25 23:45:15 [notice] 805359#0: exiting
2025/07/25 23:45:15 [notice] 805359#0: exit
2025/07/25 23:45:15 [notice] 805358#0: signal 17 (SIGCHLD) received from 805359
2025/07/25 23:45:15 [notice] 805358#0: signal 17 (SIGCHLD) received from 805359
2025/07/25 23:45:15 [notice] 805358#0: worker process 805359 exited with code 0
2025/07/25 23:45:15 [notice] 805358#0: worker process 805359 exited with code 0
2025/07/25 23:45:15 [notice] 805358#0: exit
2025/07/25 23:45:15 [notice] 805358#0: exit
2025/07/25 23:45:16 [notice] 806756#0: using the "epoll" event method
2025/07/25 23:45:16 [notice] 806756#0: using the "epoll" event method
2025/07/25 23:45:16 [notice] 806756#0: nginx/1.28.0
2025/07/25 23:45:16 [notice] 806756#0: nginx/1.28.0
2025/07/25 23:45:16 [notice] 806756#0: built by gcc 13.3.0 (Ubuntu 13.3.0-6ubuntu2~24.04) 
2025/07/25 23:45:16 [notice] 806756#0: built by gcc 13.3.0 (Ubuntu 13.3.0-6ubuntu2~24.04) 
2025/07/25 23:45:16 [notice] 806756#0: OS: Linux 6.8.0-64-lowlatency
2025/07/25 23:45:16 [notice] 806756#0: OS: Linux 6.8.0-64-lowlatency
2025/07/25 23:45:16 [notice] 806756#0: getrlimit(RLIMIT_NOFILE): 1024:1048576
2025/07/25 23:45:16 [notice] 806756#0: getrlimit(RLIMIT_NOFILE): 1024:1048576
2025/07/25 23:45:16 [notice] 806757#0: start worker processes
2025/07/25 23:45:16 [notice] 806757#0: start worker processes
2025/07/25 23:45:16 [notice] 806757#0: start worker process 806758
2025/07/25 23:45:16 [notice] 806757#0: start worker process 806758
2025/07/25 23:48:13 [notice] 810395#0: signal process started
2025/07/25 23:48:13 [notice] 806757#0: signal 15 (SIGTERM) received from 810395, exiting
2025/07/25 23:48:13 [notice] 806757#0: signal 15 (SIGTERM) received from 810395, exiting
2025/07/25 23:48:13 [notice] 806758#0: exiting
2025/07/25 23:48:13 [notice] 806758#0: exiting
2025/07/25 23:48:13 [notice] 806758#0: exit
2025/07/25 23:48:13 [notice] 806757#0: signal 17 (SIGCHLD) received from 806758
2025/07/25 23:48:13 [notice] 806757#0: signal 17 (SIGCHLD) received from 806758
2025/07/25 23:48:13 [notice] 806757#0: worker process 806758 exited with code 0
2025/07/25 23:48:13 [notice] 806757#0: worker process 806758 exited with code 0
2025/07/25 23:48:13 [notice] 806757#0: exit
2025/07/25 23:48:13 [notice] 806757#0: exit
2025/07/25 23:48:28 [notice] 810606#0: signal process started
2025/07/25 23:48:28 [error] 810606#0: open() "/home/vincent/Repositories/Practice-Prototypes/Starters/Servers/nginx/logs/nginx.pid" failed (2: No such file or directory)
2025/07/25 23:51:50 [notice] 818414#0: signal process started
2025/07/25 23:51:50 [error] 818414#0: open() "/home/vincent/Repositories/Practice-Prototypes/Starters/Servers/nginx/logs/nginx.pid" failed (2: No such file or directory)
2025/07/26 00:03:07 [notice] 844647#0: using the "epoll" event method
2025/07/26 00:03:07 [notice] 844647#0: using the "epoll" event method
2025/07/26 00:03:07 [notice] 844647#0: nginx/1.28.0
2025/07/26 00:03:07 [notice] 844647#0: nginx/1.28.0
2025/07/26 00:03:07 [notice] 844647#0: built by gcc 13.3.0 (Ubuntu 13.3.0-6ubuntu2~24.04) 
2025/07/26 00:03:07 [notice] 844647#0: built by gcc 13.3.0 (Ubuntu 13.3.0-6ubuntu2~24.04) 
2025/07/26 00:03:07 [notice] 844647#0: OS: Linux 6.8.0-64-lowlatency
2025/07/26 00:03:07 [notice] 844647#0: OS: Linux 6.8.0-64-lowlatency
2025/07/26 00:03:07 [notice] 844647#0: getrlimit(RLIMIT_NOFILE): 1024:1048576
2025/07/26 00:03:07 [notice] 844647#0: getrlimit(RLIMIT_NOFILE): 1024:1048576
2025/07/26 00:03:07 [notice] 844648#0: start worker processes
2025/07/26 00:03:07 [notice] 844648#0: start worker processes
2025/07/26 00:03:07 [notice] 844648#0: start worker process 844649
2025/07/26 00:03:07 [notice] 844648#0: start worker process 844649
2025/07/26 00:03:40 [notice] 845279#0: signal process started
2025/07/26 00:03:40 [notice] 844648#0: signal 15 (SIGTERM) received from 845279, exiting
2025/07/26 00:03:40 [notice] 844648#0: signal 15 (SIGTERM) received from 845279, exiting
2025/07/26 00:03:40 [notice] 844649#0: exiting
2025/07/26 00:03:40 [notice] 844649#0: exiting
2025/07/26 00:03:40 [notice] 844649#0: exit
2025/07/26 00:03:40 [notice] 844648#0: signal 17 (SIGCHLD) received from 844649
2025/07/26 00:03:40 [notice] 844648#0: signal 17 (SIGCHLD) received from 844649
2025/07/26 00:03:40 [notice] 844648#0: worker process 844649 exited with code 0
2025/07/26 00:03:40 [notice] 844648#0: worker process 844649 exited with code 0
2025/07/26 00:03:40 [notice] 844648#0: exit
2025/07/26 00:03:40 [notice] 844648#0: exit
2025/07/26 00:04:09 [notice] 845916#0: using the "epoll" event method
2025/07/26 00:04:09 [notice] 845916#0: using the "epoll" event method
2025/07/26 00:04:09 [notice] 845916#0: nginx/1.28.0
2025/07/26 00:04:09 [notice] 845916#0: nginx/1.28.0
2025/07/26 00:04:09 [notice] 845916#0: built by gcc 13.3.0 (Ubuntu 13.3.0-6ubuntu2~24.04) 
2025/07/26 00:04:09 [notice] 845916#0: built by gcc 13.3.0 (Ubuntu 13.3.0-6ubuntu2~24.04) 
2025/07/26 00:04:09 [notice] 845916#0: OS: Linux 6.8.0-64-lowlatency
2025/07/26 00:04:09 [notice] 845916#0: OS: Linux 6.8.0-64-lowlatency
2025/07/26 00:04:09 [notice] 845916#0: getrlimit(RLIMIT_NOFILE): 1024:1048576
2025/07/26 00:04:09 [notice] 845916#0: getrlimit(RLIMIT_NOFILE): 1024:1048576
2025/07/26 00:04:09 [notice] 845920#0: start worker processes
2025/07/26 00:04:09 [notice] 845920#0: start worker processes
2025/07/26 00:04:09 [notice] 845920#0: start worker process 845921
2025/07/26 00:04:09 [notice] 845920#0: start worker process 845921
2025/07/26 00:04:26 [notice] 846226#0: signal process started
2025/07/26 00:04:26 [error] 846226#0: invalid PID number "845920
842740
842824
8" in "/home/vincent/Repositories/Practice-Prototypes/Starters/Servers/nginx/logs/nginx.pid"
2025/07/26 00:04:26 [notice] 845921#0: signal 15 (SIGTERM) received from 846343, exiting
2025/07/26 00:04:26 [notice] 845920#0: signal 15 (SIGTERM) received from 846343, exiting
2025/07/26 00:04:26 [notice] 845921#0: signal 15 (SIGTERM) received from 846343, exiting
2025/07/26 00:04:26 [notice] 845920#0: signal 15 (SIGTERM) received from 846343, exiting
2025/07/26 00:04:26 [info] 845921#0: epoll_wait() failed (4: Interrupted system call)
2025/07/26 00:04:26 [notice] 845921#0: exiting
2025/07/26 00:04:26 [notice] 845921#0: exiting
2025/07/26 00:04:26 [notice] 845921#0: exit
2025/07/26 00:04:26 [notice] 845920#0: signal 17 (SIGCHLD) received from 845921
2025/07/26 00:04:26 [notice] 845920#0: signal 17 (SIGCHLD) received from 845921
2025/07/26 00:04:26 [notice] 845920#0: worker process 845921 exited with code 0
2025/07/26 00:04:26 [notice] 845920#0: worker process 845921 exited with code 0
2025/07/26 00:04:26 [notice] 845920#0: exit
2025/07/26 00:04:26 [notice] 845920#0: exit
2025/07/26 00:04:36 [notice] 846455#0: using the "epoll" event method
2025/07/26 00:04:36 [notice] 846455#0: using the "epoll" event method
2025/07/26 00:04:36 [notice] 846455#0: nginx/1.28.0
2025/07/26 00:04:36 [notice] 846455#0: nginx/1.28.0
2025/07/26 00:04:36 [notice] 846455#0: built by gcc 13.3.0 (Ubuntu 13.3.0-6ubuntu2~24.04) 
2025/07/26 00:04:36 [notice] 846455#0: built by gcc 13.3.0 (Ubuntu 13.3.0-6ubuntu2~24.04) 
2025/07/26 00:04:36 [notice] 846455#0: OS: Linux 6.8.0-64-lowlatency
2025/07/26 00:04:36 [notice] 846455#0: OS: Linux 6.8.0-64-lowlatency
2025/07/26 00:04:36 [notice] 846455#0: getrlimit(RLIMIT_NOFILE): 1024:1048576
2025/07/26 00:04:36 [notice] 846455#0: getrlimit(RLIMIT_NOFILE): 1024:1048576
2025/07/26 00:04:36 [notice] 846456#0: start worker processes
2025/07/26 00:04:36 [notice] 846456#0: start worker processes
2025/07/26 00:04:36 [notice] 846456#0: start worker process 846457
2025/07/26 00:04:36 [notice] 846456#0: start worker process 846457
2025/07/26 00:04:49 [notice] 846778#0: signal process started
2025/07/26 00:04:49 [error] 846778#0: invalid PID number "846456
842740
842824
8" in "/home/vincent/Repositories/Practice-Prototypes/Starters/Servers/nginx/logs/nginx.pid"
2025/07/26 00:04:50 [notice] 846457#0: signal 15 (SIGTERM) received from 846783, exiting
2025/07/26 00:04:50 [notice] 846457#0: signal 15 (SIGTERM) received from 846783, exiting
2025/07/26 00:04:50 [notice] 846456#0: signal 15 (SIGTERM) received from 846783, exiting
2025/07/26 00:04:50 [notice] 846456#0: signal 15 (SIGTERM) received from 846783, exiting
2025/07/26 00:04:50 [info] 846457#0: epoll_wait() failed (4: Interrupted system call)
2025/07/26 00:04:50 [notice] 846457#0: exiting
2025/07/26 00:04:50 [notice] 846457#0: exiting
2025/07/26 00:04:50 [notice] 846457#0: exit
2025/07/26 00:04:50 [notice] 846456#0: signal 17 (SIGCHLD) received from 846457
2025/07/26 00:04:50 [notice] 846456#0: signal 17 (SIGCHLD) received from 846457
2025/07/26 00:04:50 [notice] 846456#0: worker process 846457 exited with code 0
2025/07/26 00:04:50 [notice] 846456#0: worker process 846457 exited with code 0
2025/07/26 00:04:50 [notice] 846456#0: exit
2025/07/26 00:04:50 [notice] 846456#0: exit
2025/07/26 01:13:07 [notice] 934617#0: using the "epoll" event method
2025/07/26 01:13:07 [notice] 934617#0: using the "epoll" event method
2025/07/26 01:13:07 [notice] 934617#0: nginx/1.28.0
2025/07/26 01:13:07 [notice] 934617#0: nginx/1.28.0
2025/07/26 01:13:07 [notice] 934617#0: built by gcc 13.3.0 (Ubuntu 13.3.0-6ubuntu2~24.04) 
2025/07/26 01:13:07 [notice] 934617#0: built by gcc 13.3.0 (Ubuntu 13.3.0-6ubuntu2~24.04) 
2025/07/26 01:13:07 [notice] 934617#0: OS: Linux 6.8.0-64-lowlatency
2025/07/26 01:13:07 [notice] 934617#0: OS: Linux 6.8.0-64-lowlatency
2025/07/26 01:13:07 [notice] 934617#0: getrlimit(RLIMIT_NOFILE): 1024:1048576
2025/07/26 01:13:07 [notice] 934617#0: getrlimit(RLIMIT_NOFILE): 1024:1048576
2025/07/26 01:13:07 [notice] 934618#0: start worker processes
2025/07/26 01:13:07 [notice] 934618#0: start worker processes
2025/07/26 01:13:07 [notice] 934618#0: start worker process 934619
2025/07/26 01:13:07 [notice] 934618#0: start worker process 934619
2025/07/26 01:13:54 [info] 934619#0: *1 client 127.0.0.1 closed keepalive connection
2025/07/26 03:24:52 [notice] 998977#0: signal process started
2025/07/26 03:24:52 [alert] 998977#0: kill(934618, 15) failed (3: No such process)
2025/07/26 03:27:30 [notice] 999288#0: signal process started
2025/07/26 03:27:30 [alert] 999288#0: kill(934618, 15) failed (3: No such process)
2025/07/26 03:27:39 [notice] 999305#0: using the "epoll" event method
2025/07/26 03:27:39 [notice] 999305#0: using the "epoll" event method
2025/07/26 03:27:39 [notice] 999305#0: nginx/1.28.0
2025/07/26 03:27:39 [notice] 999305#0: nginx/1.28.0
2025/07/26 03:27:39 [notice] 999305#0: built by gcc 13.3.0 (Ubuntu 13.3.0-6ubuntu2~24.04) 
2025/07/26 03:27:39 [notice] 999305#0: built by gcc 13.3.0 (Ubuntu 13.3.0-6ubuntu2~24.04) 
2025/07/26 03:27:39 [notice] 999305#0: OS: Linux 6.8.0-64-lowlatency
2025/07/26 03:27:39 [notice] 999305#0: OS: Linux 6.8.0-64-lowlatency
2025/07/26 03:27:39 [notice] 999305#0: getrlimit(RLIMIT_NOFILE): 1024:1048576
2025/07/26 03:27:39 [notice] 999305#0: getrlimit(RLIMIT_NOFILE): 1024:1048576
2025/07/26 03:27:39 [notice] 999306#0: start worker processes
2025/07/26 03:27:39 [notice] 999306#0: start worker processes
2025/07/26 03:27:39 [notice] 999306#0: start worker process 999307
2025/07/26 03:27:39 [notice] 999306#0: start worker process 999307
2025/07/27 20:39:01 [info] 999307#0: epoll_wait() failed (4: Interrupted system call)
2025/07/27 21:21:23 [info] 999307#0: epoll_wait() failed (4: Interrupted system call)
2025/07/29 16:59:26 [info] 999307#0: epoll_wait() failed (4: Interrupted system call)
2025/07/31 17:37:52 [emerg] 1441358#0: bind() to 0.0.0.0:9003 failed (98: Address already in use)
2025/07/31 17:37:52 [emerg] 1441358#0: bind() to 0.0.0.0:9003 failed (98: Address already in use)
2025/07/31 17:37:52 [emerg] 1441358#0: bind() to 0.0.0.0:9003 failed (98: Address already in use)
2025/07/31 17:37:52 [notice] 1441358#0: try again to bind() after 500ms
2025/07/31 17:37:52 [notice] 1441358#0: try again to bind() after 500ms
2025/07/31 17:37:52 [emerg] 1441358#0: bind() to 0.0.0.0:9003 failed (98: Address already in use)
2025/07/31 17:37:52 [emerg] 1441358#0: bind() to 0.0.0.0:9003 failed (98: Address already in use)
2025/07/31 17:37:52 [emerg] 1441358#0: bind() to 0.0.0.0:9003 failed (98: Address already in use)
2025/07/31 17:37:52 [notice] 1441358#0: try again to bind() after 500ms
2025/07/31 17:37:52 [notice] 1441358#0: try again to bind() after 500ms
2025/07/31 17:37:52 [emerg] 1441358#0: bind() to 0.0.0.0:9003 failed (98: Address already in use)
2025/07/31 17:37:52 [emerg] 1441358#0: bind() to 0.0.0.0:9003 failed (98: Address already in use)
2025/07/31 17:37:52 [emerg] 1441358#0: bind() to 0.0.0.0:9003 failed (98: Address already in use)
2025/07/31 17:37:52 [notice] 1441358#0: try again to bind() after 500ms
2025/07/31 17:37:52 [notice] 1441358#0: try again to bind() after 500ms
2025/07/31 17:37:52 [emerg] 1441358#0: bind() to 0.0.0.0:9003 failed (98: Address already in use)
2025/07/31 17:37:52 [emerg] 1441358#0: bind() to 0.0.0.0:9003 failed (98: Address already in use)
2025/07/31 17:37:52 [emerg] 1441358#0: bind() to 0.0.0.0:9003 failed (98: Address already in use)
2025/07/31 17:37:52 [notice] 1441358#0: try again to bind() after 500ms
2025/07/31 17:37:52 [notice] 1441358#0: try again to bind() after 500ms
2025/07/31 17:37:52 [emerg] 1441358#0: bind() to 0.0.0.0:9003 failed (98: Address already in use)
2025/07/31 17:37:52 [emerg] 1441358#0: bind() to 0.0.0.0:9003 failed (98: Address already in use)
2025/07/31 17:37:52 [emerg] 1441358#0: bind() to 0.0.0.0:9003 failed (98: Address already in use)
2025/07/31 17:37:52 [notice] 1441358#0: try again to bind() after 500ms
2025/07/31 17:37:52 [notice] 1441358#0: try again to bind() after 500ms
2025/07/31 17:38:04 [notice] 1441399#0: signal process started
2025/07/31 17:38:04 [notice] 999306#0: signal 15 (SIGTERM) received from 1441399, exiting
2025/07/31 17:38:04 [notice] 999306#0: signal 15 (SIGTERM) received from 1441399, exiting
2025/07/31 17:38:04 [notice] 999307#0: exiting
2025/07/31 17:38:04 [notice] 999307#0: exiting
2025/07/31 17:38:04 [notice] 999307#0: exit
2025/07/31 17:38:04 [notice] 999306#0: signal 17 (SIGCHLD) received from 999307
2025/07/31 17:38:04 [notice] 999306#0: signal 17 (SIGCHLD) received from 999307
2025/07/31 17:38:04 [notice] 999306#0: worker process 999307 exited with code 0
2025/07/31 17:38:04 [notice] 999306#0: worker process 999307 exited with code 0
2025/07/31 17:38:04 [notice] 999306#0: exit
2025/07/31 17:38:04 [notice] 999306#0: exit
2025/07/31 17:38:28 [notice] 1441457#0: signal process started
2025/07/31 17:38:28 [error] 1441457#0: open() "/home/vincent/Repositories/Practice-Prototypes/Prototypes/nutritionFacts/Server/nginx/logs/nginx.pid" failed (2: No such file or directory)
2025/07/31 17:39:15 [notice] 1441506#0: using the "epoll" event method
2025/07/31 17:39:15 [notice] 1441506#0: using the "epoll" event method
2025/07/31 17:39:15 [notice] 1441506#0: nginx/1.28.0
2025/07/31 17:39:15 [notice] 1441506#0: nginx/1.28.0
2025/07/31 17:39:15 [notice] 1441506#0: built by gcc 13.3.0 (Ubuntu 13.3.0-6ubuntu2~24.04) 
2025/07/31 17:39:15 [notice] 1441506#0: built by gcc 13.3.0 (Ubuntu 13.3.0-6ubuntu2~24.04) 
2025/07/31 17:39:15 [notice] 1441506#0: OS: Linux 6.8.0-64-lowlatency
2025/07/31 17:39:15 [notice] 1441506#0: OS: Linux 6.8.0-64-lowlatency
2025/07/31 17:39:15 [notice] 1441506#0: getrlimit(RLIMIT_NOFILE): 1024:1048576
2025/07/31 17:39:15 [notice] 1441506#0: getrlimit(RLIMIT_NOFILE): 1024:1048576
2025/07/31 17:39:15 [notice] 1441507#0: start worker processes
2025/07/31 17:39:15 [notice] 1441507#0: start worker processes
2025/07/31 17:39:15 [notice] 1441507#0: start worker process 1441508
2025/07/31 17:39:15 [notice] 1441507#0: start worker process 1441508
2025/08/01 14:00:35 [notice] 1441508#0: signal 15 (SIGTERM) received from 1, exiting
2025/08/01 14:00:35 [notice] 1441508#0: signal 15 (SIGTERM) received from 1, exiting
2025/08/01 14:00:35 [info] 1441508#0: epoll_wait() failed (4: Interrupted system call)
2025/08/01 14:00:35 [notice] 1441508#0: exiting
2025/08/01 14:00:35 [notice] 1441508#0: exiting
2025/08/01 14:00:35 [notice] 1441508#0: signal 1 (SIGHUP) received from 1, ignoring
2025/08/01 14:00:35 [notice] 1441508#0: exit
2025/08/01 14:00:35 [notice] 1441507#0: signal 17 (SIGCHLD) received from 1441508
2025/08/01 14:00:35 [notice] 1441507#0: signal 17 (SIGCHLD) received from 1441508
2025/08/01 14:00:35 [notice] 1441507#0: worker process 1441508 exited with code 0
2025/08/01 14:00:35 [notice] 1441507#0: worker process 1441508 exited with code 0
2025/08/01 14:00:35 [notice] 1441507#0: signal 15 (SIGTERM) received from 1, exiting
2025/08/01 14:00:35 [notice] 1441507#0: signal 15 (SIGTERM) received from 1, exiting
2025/08/01 14:00:35 [notice] 1441507#0: signal 1 (SIGHUP) received from 1, reconfiguring
2025/08/01 14:00:35 [notice] 1441507#0: signal 1 (SIGHUP) received from 1, reconfiguring
2025/08/01 14:00:35 [notice] 1441507#0: exit
2025/08/01 14:00:35 [notice] 1441507#0: exit
2025/08/04 21:34:28 [notice] 3303157#0: using the "epoll" event method
2025/08/04 21:34:28 [notice] 3303157#0: using the "epoll" event method
2025/08/04 21:34:28 [notice] 3303157#0: nginx/1.28.0
2025/08/04 21:34:28 [notice] 3303157#0: nginx/1.28.0
2025/08/04 21:34:28 [notice] 3303157#0: built by gcc 13.3.0 (Ubuntu 13.3.0-6ubuntu2~24.04) 
2025/08/04 21:34:28 [notice] 3303157#0: built by gcc 13.3.0 (Ubuntu 13.3.0-6ubuntu2~24.04) 
2025/08/04 21:34:28 [notice] 3303157#0: OS: Linux 6.8.0-65-lowlatency
2025/08/04 21:34:28 [notice] 3303157#0: OS: Linux 6.8.0-65-lowlatency
2025/08/04 21:34:28 [notice] 3303157#0: getrlimit(RLIMIT_NOFILE): 1024:1048576
2025/08/04 21:34:28 [notice] 3303157#0: getrlimit(RLIMIT_NOFILE): 1024:1048576
2025/08/04 21:34:28 [notice] 3303158#0: start worker processes
2025/08/04 21:34:28 [notice] 3303158#0: start worker processes
2025/08/04 21:34:28 [notice] 3303158#0: start worker process 3303159
2025/08/04 21:34:28 [notice] 3303158#0: start worker process 3303159
2025/08/04 21:37:53 [notice] 3307506#0: signal process started
2025/08/04 21:37:53 [notice] 3303158#0: signal 15 (SIGTERM) received from 3307506, exiting
2025/08/04 21:37:53 [notice] 3303158#0: signal 15 (SIGTERM) received from 3307506, exiting
2025/08/04 21:37:53 [notice] 3303159#0: exiting
2025/08/04 21:37:53 [notice] 3303159#0: exiting
2025/08/04 21:37:53 [notice] 3303159#0: exit
2025/08/04 21:37:53 [notice] 3303158#0: signal 17 (SIGCHLD) received from 3303159
2025/08/04 21:37:53 [notice] 3303158#0: signal 17 (SIGCHLD) received from 3303159
2025/08/04 21:37:53 [notice] 3303158#0: worker process 3303159 exited with code 0
2025/08/04 21:37:53 [notice] 3303158#0: worker process 3303159 exited with code 0
2025/08/04 21:37:53 [notice] 3303158#0: exit
2025/08/04 21:37:53 [notice] 3303158#0: exit
2025/08/04 21:37:58 [notice] 3307579#0: signal process started
2025/08/04 21:37:58 [error] 3307579#0: open() "/home/vincent/Repositories/Practice-Prototypes/Prototypes/nutritionFacts/Server/nginx/logs/nginx.pid" failed (2: No such file or directory)
2025/08/04 21:39:20 [notice] 3309276#0: signal process started
2025/08/04 21:39:20 [error] 3309276#0: open() "/home/vincent/Repositories/Practice-Prototypes/Prototypes/nutritionFacts/Server/nginx/logs/nginx.pid" failed (2: No such file or directory)
2025/08/04 21:39:29 [notice] 3309491#0: using the "epoll" event method
2025/08/04 21:39:29 [notice] 3309491#0: using the "epoll" event method
2025/08/04 21:39:29 [notice] 3309491#0: nginx/1.28.0
2025/08/04 21:39:29 [notice] 3309491#0: nginx/1.28.0
2025/08/04 21:39:29 [notice] 3309491#0: built by gcc 13.3.0 (Ubuntu 13.3.0-6ubuntu2~24.04) 
2025/08/04 21:39:29 [notice] 3309491#0: built by gcc 13.3.0 (Ubuntu 13.3.0-6ubuntu2~24.04) 
2025/08/04 21:39:29 [notice] 3309491#0: OS: Linux 6.8.0-65-lowlatency
2025/08/04 21:39:29 [notice] 3309491#0: OS: Linux 6.8.0-65-lowlatency
2025/08/04 21:39:29 [notice] 3309491#0: getrlimit(RLIMIT_NOFILE): 1024:1048576
2025/08/04 21:39:29 [notice] 3309491#0: getrlimit(RLIMIT_NOFILE): 1024:1048576
2025/08/04 21:39:29 [notice] 3309492#0: start worker processes
2025/08/04 21:39:29 [notice] 3309492#0: start worker processes
2025/08/04 21:39:29 [notice] 3309492#0: start worker process 3309493
2025/08/04 21:39:29 [notice] 3309492#0: start worker process 3309493
2025/08/04 21:44:47 [notice] 3316213#0: signal process started
2025/08/04 21:44:47 [notice] 3309492#0: signal 15 (SIGTERM) received from 3316213, exiting
2025/08/04 21:44:47 [notice] 3309492#0: signal 15 (SIGTERM) received from 3316213, exiting
2025/08/04 21:44:47 [notice] 3309493#0: exiting
2025/08/04 21:44:47 [notice] 3309493#0: exiting
2025/08/04 21:44:47 [notice] 3309493#0: exit
2025/08/04 21:44:47 [notice] 3309492#0: signal 17 (SIGCHLD) received from 3309493
2025/08/04 21:44:47 [notice] 3309492#0: signal 17 (SIGCHLD) received from 3309493
2025/08/04 21:44:47 [notice] 3309492#0: worker process 3309493 exited with code 0
2025/08/04 21:44:47 [notice] 3309492#0: worker process 3309493 exited with code 0
2025/08/04 21:44:47 [notice] 3309492#0: exit
2025/08/04 21:44:47 [notice] 3309492#0: exit
2025/08/04 21:44:49 [notice] 3316217#0: using the "epoll" event method
2025/08/04 21:44:49 [notice] 3316217#0: using the "epoll" event method
2025/08/04 21:44:49 [notice] 3316217#0: nginx/1.28.0
2025/08/04 21:44:49 [notice] 3316217#0: nginx/1.28.0
2025/08/04 21:44:49 [notice] 3316217#0: built by gcc 13.3.0 (Ubuntu 13.3.0-6ubuntu2~24.04) 
2025/08/04 21:44:49 [notice] 3316217#0: built by gcc 13.3.0 (Ubuntu 13.3.0-6ubuntu2~24.04) 
2025/08/04 21:44:49 [notice] 3316217#0: OS: Linux 6.8.0-65-lowlatency
2025/08/04 21:44:49 [notice] 3316217#0: OS: Linux 6.8.0-65-lowlatency
2025/08/04 21:44:49 [notice] 3316217#0: getrlimit(RLIMIT_NOFILE): 1024:1048576
2025/08/04 21:44:49 [notice] 3316217#0: getrlimit(RLIMIT_NOFILE): 1024:1048576
2025/08/04 21:44:49 [notice] 3316218#0: start worker processes
2025/08/04 21:44:49 [notice] 3316218#0: start worker processes
2025/08/04 21:44:49 [notice] 3316218#0: start worker process 3316219
2025/08/04 21:44:49 [notice] 3316218#0: start worker process 3316219
2025/08/04 21:50:06 [notice] 3322871#0: signal process started
2025/08/04 21:50:06 [notice] 3316218#0: signal 15 (SIGTERM) received from 3322871, exiting
2025/08/04 21:50:06 [notice] 3316218#0: signal 15 (SIGTERM) received from 3322871, exiting
2025/08/04 21:50:06 [notice] 3316219#0: exiting
2025/08/04 21:50:06 [notice] 3316219#0: exiting
2025/08/04 21:50:06 [notice] 3316219#0: exit
2025/08/04 21:50:06 [notice] 3316218#0: signal 17 (SIGCHLD) received from 3316219
2025/08/04 21:50:06 [notice] 3316218#0: signal 17 (SIGCHLD) received from 3316219
2025/08/04 21:50:06 [notice] 3316218#0: worker process 3316219 exited with code 0
2025/08/04 21:50:06 [notice] 3316218#0: worker process 3316219 exited with code 0
2025/08/04 21:50:06 [notice] 3316218#0: exit
2025/08/04 21:50:06 [notice] 3316218#0: exit
2025/08/04 21:51:34 [notice] 3324660#0: using the "epoll" event method
2025/08/04 21:51:34 [notice] 3324660#0: using the "epoll" event method
2025/08/04 21:51:34 [notice] 3324660#0: nginx/1.28.0
2025/08/04 21:51:34 [notice] 3324660#0: nginx/1.28.0
2025/08/04 21:51:34 [notice] 3324660#0: built by gcc 13.3.0 (Ubuntu 13.3.0-6ubuntu2~24.04) 
2025/08/04 21:51:34 [notice] 3324660#0: built by gcc 13.3.0 (Ubuntu 13.3.0-6ubuntu2~24.04) 
2025/08/04 21:51:34 [notice] 3324660#0: OS: Linux 6.8.0-65-lowlatency
2025/08/04 21:51:34 [notice] 3324660#0: OS: Linux 6.8.0-65-lowlatency
2025/08/04 21:51:34 [notice] 3324660#0: getrlimit(RLIMIT_NOFILE): 1024:1048576
2025/08/04 21:51:34 [notice] 3324660#0: getrlimit(RLIMIT_NOFILE): 1024:1048576
2025/08/04 21:51:34 [notice] 3324661#0: start worker processes
2025/08/04 21:51:34 [notice] 3324661#0: start worker processes
2025/08/04 21:51:34 [notice] 3324661#0: start worker process 3324662
2025/08/04 21:51:34 [notice] 3324661#0: start worker process 3324662
2025/08/05 01:20:00 [notice] 3575241#0: signal process started
2025/08/05 01:20:00 [notice] 3324661#0: signal 15 (SIGTERM) received from 3575241, exiting
2025/08/05 01:20:00 [notice] 3324661#0: signal 15 (SIGTERM) received from 3575241, exiting
2025/08/05 01:20:00 [notice] 3324662#0: exiting
2025/08/05 01:20:00 [notice] 3324662#0: exiting
2025/08/05 01:20:00 [notice] 3324662#0: exit
2025/08/05 01:20:00 [notice] 3324661#0: signal 17 (SIGCHLD) received from 3324662
2025/08/05 01:20:00 [notice] 3324661#0: signal 17 (SIGCHLD) received from 3324662
2025/08/05 01:20:00 [notice] 3324661#0: worker process 3324662 exited with code 0
2025/08/05 01:20:00 [notice] 3324661#0: worker process 3324662 exited with code 0
2025/08/05 01:20:00 [notice] 3324661#0: exit
2025/08/05 01:20:00 [notice] 3324661#0: exit
2025/08/05 01:20:07 [notice] 3575343#0: using the "epoll" event method
2025/08/05 01:20:07 [notice] 3575343#0: using the "epoll" event method
2025/08/05 01:20:07 [notice] 3575343#0: nginx/1.28.0
2025/08/05 01:20:07 [notice] 3575343#0: nginx/1.28.0
2025/08/05 01:20:07 [notice] 3575343#0: built by gcc 13.3.0 (Ubuntu 13.3.0-6ubuntu2~24.04) 
2025/08/05 01:20:07 [notice] 3575343#0: built by gcc 13.3.0 (Ubuntu 13.3.0-6ubuntu2~24.04) 
2025/08/05 01:20:07 [notice] 3575343#0: OS: Linux 6.8.0-65-lowlatency
2025/08/05 01:20:07 [notice] 3575343#0: OS: Linux 6.8.0-65-lowlatency
2025/08/05 01:20:07 [notice] 3575343#0: getrlimit(RLIMIT_NOFILE): 1024:1048576
2025/08/05 01:20:07 [notice] 3575343#0: getrlimit(RLIMIT_NOFILE): 1024:1048576
2025/08/05 01:20:07 [notice] 3575344#0: start worker processes
2025/08/05 01:20:07 [notice] 3575344#0: start worker processes
2025/08/05 01:20:07 [notice] 3575344#0: start worker process 3575345
2025/08/05 01:20:07 [notice] 3575344#0: start worker process 3575345
2025/08/06 09:38:39 [error] 3575345#0: *7 directory index of "/home/vincent/Repositories/Practice-Prototypes/Prototypes/nutritionFacts/Server/nginx/../../Client/out/Recipe-Ingredients/" is forbidden, client: 192.168.1.8, server: localhost, request: "GET /Recipe-Ingredients/ HTTP/1.1", host: "192.168.1.40:9003"
2025/08/06 09:38:39 [error] 3575345#0: *7 directory index of "/home/vincent/Repositories/Practice-Prototypes/Prototypes/nutritionFacts/Server/nginx/../../Client/out/Recipe-Ingredients/" is forbidden, client: 192.168.1.8, server: localhost, request: "GET /Recipe-Ingredients/ HTTP/1.1", host: "192.168.1.40:9003"
2025/08/06 09:38:39 [error] 3575345#0: *7 directory index of "/home/vincent/Repositories/Practice-Prototypes/Prototypes/nutritionFacts/Server/nginx/../../Client/out/Recipe-Ingredients/" is forbidden, client: 192.168.1.8, server: localhost, request: "GET /Recipe-Ingredients/ HTTP/1.1", host: "192.168.1.40:9003"
2025/08/06 09:38:49 [info] 3575345#0: *7 client 192.168.1.8 closed keepalive connection
2025/08/06 09:39:00 [info] 3575345#0: *9 client 192.168.1.8 closed keepalive connection
2025/08/06 09:39:00 [info] 3575345#0: *13 client 192.168.1.8 closed keepalive connection
2025/08/06 09:39:00 [info] 3575345#0: *11 client 192.168.1.8 closed keepalive connection
2025/08/06 09:39:00 [info] 3575345#0: *8 client 192.168.1.8 closed keepalive connection
2025/08/06 09:39:00 [info] 3575345#0: *10 client 192.168.1.8 closed keepalive connection
2025/08/06 09:39:00 [info] 3575345#0: *12 client 192.168.1.8 closed keepalive connection
2025/08/06 09:52:36 [emerg] 1720105#0: bind() to 0.0.0.0:9003 failed (98: Address already in use)
2025/08/06 09:52:36 [emerg] 1720105#0: bind() to 0.0.0.0:9003 failed (98: Address already in use)
2025/08/06 09:52:36 [emerg] 1720105#0: bind() to 0.0.0.0:9003 failed (98: Address already in use)
2025/08/06 09:52:36 [notice] 1720105#0: try again to bind() after 500ms
2025/08/06 09:52:36 [notice] 1720105#0: try again to bind() after 500ms
2025/08/06 09:52:36 [emerg] 1720105#0: bind() to 0.0.0.0:9003 failed (98: Address already in use)
2025/08/06 09:52:36 [emerg] 1720105#0: bind() to 0.0.0.0:9003 failed (98: Address already in use)
2025/08/06 09:52:36 [emerg] 1720105#0: bind() to 0.0.0.0:9003 failed (98: Address already in use)
2025/08/06 09:52:36 [notice] 1720105#0: try again to bind() after 500ms
2025/08/06 09:52:36 [notice] 1720105#0: try again to bind() after 500ms
2025/08/06 09:52:36 [emerg] 1720105#0: bind() to 0.0.0.0:9003 failed (98: Address already in use)
2025/08/06 09:52:36 [emerg] 1720105#0: bind() to 0.0.0.0:9003 failed (98: Address already in use)
2025/08/06 09:52:36 [emerg] 1720105#0: bind() to 0.0.0.0:9003 failed (98: Address already in use)
2025/08/06 09:52:36 [notice] 1720105#0: try again to bind() after 500ms
2025/08/06 09:52:36 [notice] 1720105#0: try again to bind() after 500ms
2025/08/06 09:52:36 [emerg] 1720105#0: bind() to 0.0.0.0:9003 failed (98: Address already in use)
2025/08/06 09:52:36 [emerg] 1720105#0: bind() to 0.0.0.0:9003 failed (98: Address already in use)
2025/08/06 09:52:36 [emerg] 1720105#0: bind() to 0.0.0.0:9003 failed (98: Address already in use)
2025/08/06 09:52:36 [notice] 1720105#0: try again to bind() after 500ms
2025/08/06 09:52:36 [notice] 1720105#0: try again to bind() after 500ms
2025/08/06 09:52:36 [emerg] 1720105#0: bind() to 0.0.0.0:9003 failed (98: Address already in use)
2025/08/06 09:52:36 [emerg] 1720105#0: bind() to 0.0.0.0:9003 failed (98: Address already in use)
2025/08/06 09:52:36 [emerg] 1720105#0: bind() to 0.0.0.0:9003 failed (98: Address already in use)
2025/08/06 09:52:36 [notice] 1720105#0: try again to bind() after 500ms
2025/08/06 09:52:36 [notice] 1720105#0: try again to bind() after 500ms
2025/08/06 09:52:36 [emerg] 1720105#0: still could not bind()
2025/08/06 09:52:36 [emerg] 1720105#0: still could not bind()
2025/08/06 09:52:36 [emerg] 1720105#0: still could not bind()
2025/08/06 09:53:31 [notice] 1721244#0: signal process started
2025/08/06 09:53:31 [notice] 3575344#0: signal 15 (SIGTERM) received from 1721244, exiting
2025/08/06 09:53:31 [notice] 3575344#0: signal 15 (SIGTERM) received from 1721244, exiting
2025/08/06 09:53:31 [notice] 3575345#0: exiting
2025/08/06 09:53:31 [notice] 3575345#0: exiting
2025/08/06 09:53:31 [notice] 3575345#0: exit
2025/08/06 09:53:31 [notice] 3575344#0: signal 17 (SIGCHLD) received from 3575345
2025/08/06 09:53:31 [notice] 3575344#0: signal 17 (SIGCHLD) received from 3575345
2025/08/06 09:53:31 [notice] 3575344#0: worker process 3575345 exited with code 0
2025/08/06 09:53:31 [notice] 3575344#0: worker process 3575345 exited with code 0
2025/08/06 09:53:31 [notice] 3575344#0: exit
2025/08/06 09:53:31 [notice] 3575344#0: exit
2025/08/06 09:53:31 [notice] 1721274#0: using the "epoll" event method
2025/08/06 09:53:31 [notice] 1721274#0: using the "epoll" event method
2025/08/06 09:53:31 [notice] 1721274#0: nginx/1.28.0
2025/08/06 09:53:31 [notice] 1721274#0: nginx/1.28.0
2025/08/06 09:53:31 [notice] 1721274#0: built by gcc 13.3.0 (Ubuntu 13.3.0-6ubuntu2~24.04) 
2025/08/06 09:53:31 [notice] 1721274#0: built by gcc 13.3.0 (Ubuntu 13.3.0-6ubuntu2~24.04) 
2025/08/06 09:53:31 [notice] 1721274#0: OS: Linux 6.8.0-65-lowlatency
2025/08/06 09:53:31 [notice] 1721274#0: OS: Linux 6.8.0-65-lowlatency
2025/08/06 09:53:31 [notice] 1721274#0: getrlimit(RLIMIT_NOFILE): 1024:1048576
2025/08/06 09:53:31 [notice] 1721274#0: getrlimit(RLIMIT_NOFILE): 1024:1048576
2025/08/06 09:53:31 [notice] 1721276#0: start worker processes
2025/08/06 09:53:31 [notice] 1721276#0: start worker processes
2025/08/06 09:53:31 [notice] 1721276#0: start worker process 1721278
2025/08/06 09:53:31 [notice] 1721276#0: start worker process 1721278
2025/08/06 09:56:00 [notice] 1724677#0: signal process started
2025/08/06 09:56:00 [notice] 1721276#0: signal 15 (SIGTERM) received from 1724677, exiting
2025/08/06 09:56:00 [notice] 1721276#0: signal 15 (SIGTERM) received from 1724677, exiting
2025/08/06 09:56:00 [notice] 1721278#0: exiting
2025/08/06 09:56:00 [notice] 1721278#0: exiting
2025/08/06 09:56:00 [notice] 1721278#0: exit
2025/08/06 09:56:00 [notice] 1721276#0: signal 17 (SIGCHLD) received from 1721278
2025/08/06 09:56:00 [notice] 1721276#0: signal 17 (SIGCHLD) received from 1721278
2025/08/06 09:56:00 [notice] 1721276#0: worker process 1721278 exited with code 0
2025/08/06 09:56:00 [notice] 1721276#0: worker process 1721278 exited with code 0
2025/08/06 09:56:00 [notice] 1721276#0: exit
2025/08/06 09:56:00 [notice] 1721276#0: exit
2025/08/06 09:56:12 [notice] 1724954#0: using the "epoll" event method
2025/08/06 09:56:12 [notice] 1724954#0: using the "epoll" event method
2025/08/06 09:56:12 [notice] 1724954#0: nginx/1.28.0
2025/08/06 09:56:12 [notice] 1724954#0: nginx/1.28.0
2025/08/06 09:56:12 [notice] 1724954#0: built by gcc 13.3.0 (Ubuntu 13.3.0-6ubuntu2~24.04) 
2025/08/06 09:56:12 [notice] 1724954#0: built by gcc 13.3.0 (Ubuntu 13.3.0-6ubuntu2~24.04) 
2025/08/06 09:56:12 [notice] 1724954#0: OS: Linux 6.8.0-65-lowlatency
2025/08/06 09:56:12 [notice] 1724954#0: OS: Linux 6.8.0-65-lowlatency
2025/08/06 09:56:12 [notice] 1724954#0: getrlimit(RLIMIT_NOFILE): 1024:1048576
2025/08/06 09:56:12 [notice] 1724954#0: getrlimit(RLIMIT_NOFILE): 1024:1048576
2025/08/06 09:56:12 [notice] 1724955#0: start worker processes
2025/08/06 09:56:12 [notice] 1724955#0: start worker processes
2025/08/06 09:56:12 [notice] 1724955#0: start worker process 1724956
2025/08/06 09:56:12 [notice] 1724955#0: start worker process 1724956
2025/08/06 10:01:16 [emerg] 1731958#0: bind() to 0.0.0.0:9003 failed (98: Address already in use)
2025/08/06 10:01:16 [emerg] 1731958#0: bind() to 0.0.0.0:9003 failed (98: Address already in use)
2025/08/06 10:01:16 [emerg] 1731958#0: bind() to 0.0.0.0:9003 failed (98: Address already in use)
2025/08/06 10:01:16 [notice] 1731958#0: try again to bind() after 500ms
2025/08/06 10:01:16 [notice] 1731958#0: try again to bind() after 500ms
2025/08/06 10:01:16 [emerg] 1731958#0: bind() to 0.0.0.0:9003 failed (98: Address already in use)
2025/08/06 10:01:16 [emerg] 1731958#0: bind() to 0.0.0.0:9003 failed (98: Address already in use)
2025/08/06 10:01:16 [emerg] 1731958#0: bind() to 0.0.0.0:9003 failed (98: Address already in use)
2025/08/06 10:01:16 [notice] 1731958#0: try again to bind() after 500ms
2025/08/06 10:01:16 [notice] 1731958#0: try again to bind() after 500ms
2025/08/06 10:01:16 [emerg] 1731958#0: bind() to 0.0.0.0:9003 failed (98: Address already in use)
2025/08/06 10:01:16 [emerg] 1731958#0: bind() to 0.0.0.0:9003 failed (98: Address already in use)
2025/08/06 10:01:16 [emerg] 1731958#0: bind() to 0.0.0.0:9003 failed (98: Address already in use)
2025/08/06 10:01:16 [notice] 1731958#0: try again to bind() after 500ms
2025/08/06 10:01:16 [notice] 1731958#0: try again to bind() after 500ms
2025/08/06 10:01:16 [emerg] 1731958#0: bind() to 0.0.0.0:9003 failed (98: Address already in use)
2025/08/06 10:01:16 [emerg] 1731958#0: bind() to 0.0.0.0:9003 failed (98: Address already in use)
2025/08/06 10:01:16 [emerg] 1731958#0: bind() to 0.0.0.0:9003 failed (98: Address already in use)
2025/08/06 10:01:16 [notice] 1731958#0: try again to bind() after 500ms
2025/08/06 10:01:16 [notice] 1731958#0: try again to bind() after 500ms
2025/08/06 10:01:16 [emerg] 1731958#0: bind() to 0.0.0.0:9003 failed (98: Address already in use)
2025/08/06 10:01:16 [emerg] 1731958#0: bind() to 0.0.0.0:9003 failed (98: Address already in use)
2025/08/06 10:01:16 [emerg] 1731958#0: bind() to 0.0.0.0:9003 failed (98: Address already in use)
2025/08/06 10:01:16 [notice] 1731958#0: try again to bind() after 500ms
2025/08/06 10:01:16 [notice] 1731958#0: try again to bind() after 500ms
2025/08/06 10:01:16 [emerg] 1731958#0: still could not bind()
2025/08/06 10:01:16 [emerg] 1731958#0: still could not bind()
2025/08/06 10:01:16 [emerg] 1731958#0: still could not bind()
2025/08/06 10:01:26 [notice] 1732185#0: signal process started
2025/08/06 10:01:26 [notice] 1724955#0: signal 15 (SIGTERM) received from 1732185, exiting
2025/08/06 10:01:26 [notice] 1724955#0: signal 15 (SIGTERM) received from 1732185, exiting
2025/08/06 10:01:26 [notice] 1724956#0: exiting
2025/08/06 10:01:26 [notice] 1724956#0: exiting
2025/08/06 10:01:26 [notice] 1724956#0: exit
2025/08/06 10:01:26 [notice] 1724955#0: signal 17 (SIGCHLD) received from 1724956
2025/08/06 10:01:26 [notice] 1724955#0: signal 17 (SIGCHLD) received from 1724956
2025/08/06 10:01:26 [notice] 1724955#0: worker process 1724956 exited with code 0
2025/08/06 10:01:26 [notice] 1724955#0: worker process 1724956 exited with code 0
2025/08/06 10:01:26 [notice] 1724955#0: exit
2025/08/06 10:01:26 [notice] 1724955#0: exit
2025/08/06 10:01:32 [notice] 1732420#0: using the "epoll" event method
2025/08/06 10:01:32 [notice] 1732420#0: using the "epoll" event method
2025/08/06 10:01:32 [notice] 1732420#0: nginx/1.28.0
2025/08/06 10:01:32 [notice] 1732420#0: nginx/1.28.0
2025/08/06 10:01:32 [notice] 1732420#0: built by gcc 13.3.0 (Ubuntu 13.3.0-6ubuntu2~24.04) 
2025/08/06 10:01:32 [notice] 1732420#0: built by gcc 13.3.0 (Ubuntu 13.3.0-6ubuntu2~24.04) 
2025/08/06 10:01:32 [notice] 1732420#0: OS: Linux 6.8.0-65-lowlatency
2025/08/06 10:01:32 [notice] 1732420#0: OS: Linux 6.8.0-65-lowlatency
2025/08/06 10:01:32 [notice] 1732420#0: getrlimit(RLIMIT_NOFILE): 1024:1048576
2025/08/06 10:01:32 [notice] 1732420#0: getrlimit(RLIMIT_NOFILE): 1024:1048576
2025/08/06 10:01:32 [notice] 1732421#0: start worker processes
2025/08/06 10:01:32 [notice] 1732421#0: start worker processes
2025/08/06 10:01:32 [notice] 1732421#0: start worker process 1732422
2025/08/06 10:01:32 [notice] 1732421#0: start worker process 1732422
2025/08/06 10:01:41 [error] 1732422#0: *1 directory index of "/home/vincent/Repositories/Practice-Prototypes/Prototypes/nutritionFacts/Server/nginx/../../Client/out/Recipe-Ingredients/" is forbidden, client: 192.168.1.8, server: localhost, request: "GET /Recipe-Ingredients/ HTTP/1.1", host: "192.168.1.40:9003"
2025/08/06 10:01:41 [error] 1732422#0: *1 directory index of "/home/vincent/Repositories/Practice-Prototypes/Prototypes/nutritionFacts/Server/nginx/../../Client/out/Recipe-Ingredients/" is forbidden, client: 192.168.1.8, server: localhost, request: "GET /Recipe-Ingredients/ HTTP/1.1", host: "192.168.1.40:9003"
2025/08/06 10:01:41 [error] 1732422#0: *1 directory index of "/home/vincent/Repositories/Practice-Prototypes/Prototypes/nutritionFacts/Server/nginx/../../Client/out/Recipe-Ingredients/" is forbidden, client: 192.168.1.8, server: localhost, request: "GET /Recipe-Ingredients/ HTTP/1.1", host: "192.168.1.40:9003"
2025/08/06 10:01:51 [info] 1732422#0: *1 client 192.168.1.8 closed keepalive connection
2025/08/06 10:12:52 [error] 1732422#0: *2 directory index of "/home/vincent/Repositories/Practice-Prototypes/Prototypes/nutritionFacts/Server/nginx/../../Client/out/Recipe-Ingredients/" is forbidden, client: 192.168.1.8, server: localhost, request: "GET /Recipe-Ingredients/ HTTP/1.1", host: "192.168.1.40:9003"
2025/08/06 10:12:52 [error] 1732422#0: *2 directory index of "/home/vincent/Repositories/Practice-Prototypes/Prototypes/nutritionFacts/Server/nginx/../../Client/out/Recipe-Ingredients/" is forbidden, client: 192.168.1.8, server: localhost, request: "GET /Recipe-Ingredients/ HTTP/1.1", host: "192.168.1.40:9003"
2025/08/06 10:12:52 [error] 1732422#0: *2 directory index of "/home/vincent/Repositories/Practice-Prototypes/Prototypes/nutritionFacts/Server/nginx/../../Client/out/Recipe-Ingredients/" is forbidden, client: 192.168.1.8, server: localhost, request: "GET /Recipe-Ingredients/ HTTP/1.1", host: "192.168.1.40:9003"
2025/08/06 10:13:07 [info] 1732422#0: *2 client 192.168.1.8 closed keepalive connection
2025/08/06 10:14:06 [notice] 1748133#0: signal process started
2025/08/06 10:14:06 [notice] 1732421#0: signal 15 (SIGTERM) received from 1748133, exiting
2025/08/06 10:14:06 [notice] 1732421#0: signal 15 (SIGTERM) received from 1748133, exiting
2025/08/06 10:14:06 [notice] 1732422#0: exiting
2025/08/06 10:14:06 [notice] 1732422#0: exiting
2025/08/06 10:14:06 [notice] 1732422#0: exit
2025/08/06 10:14:06 [notice] 1732421#0: signal 17 (SIGCHLD) received from 1732422
2025/08/06 10:14:06 [notice] 1732421#0: signal 17 (SIGCHLD) received from 1732422
2025/08/06 10:14:06 [notice] 1732421#0: worker process 1732422 exited with code 0
2025/08/06 10:14:06 [notice] 1732421#0: worker process 1732422 exited with code 0
2025/08/06 10:14:06 [notice] 1732421#0: exit
2025/08/06 10:14:06 [notice] 1732421#0: exit
2025/08/06 10:14:06 [notice] 1748162#0: using the "epoll" event method
2025/08/06 10:14:06 [notice] 1748162#0: using the "epoll" event method
2025/08/06 10:14:06 [notice] 1748162#0: nginx/1.28.0
2025/08/06 10:14:06 [notice] 1748162#0: nginx/1.28.0
2025/08/06 10:14:06 [notice] 1748162#0: built by gcc 13.3.0 (Ubuntu 13.3.0-6ubuntu2~24.04) 
2025/08/06 10:14:06 [notice] 1748162#0: built by gcc 13.3.0 (Ubuntu 13.3.0-6ubuntu2~24.04) 
2025/08/06 10:14:06 [notice] 1748162#0: OS: Linux 6.8.0-65-lowlatency
2025/08/06 10:14:06 [notice] 1748162#0: OS: Linux 6.8.0-65-lowlatency
2025/08/06 10:14:06 [notice] 1748162#0: getrlimit(RLIMIT_NOFILE): 1024:1048576
2025/08/06 10:14:06 [notice] 1748162#0: getrlimit(RLIMIT_NOFILE): 1024:1048576
2025/08/06 10:14:06 [notice] 1748164#0: start worker processes
2025/08/06 10:14:06 [notice] 1748164#0: start worker processes
2025/08/06 10:14:06 [notice] 1748164#0: start worker process 1748165
2025/08/06 10:14:06 [notice] 1748164#0: start worker process 1748165
2025/08/06 10:14:11 [error] 1748165#0: *1 directory index of "/home/vincent/Repositories/Practice-Prototypes/Prototypes/nutritionFacts/Server/nginx/../../Client/out/Recipe-Ingredients/" is forbidden, client: 192.168.1.8, server: localhost, request: "GET /Recipe-Ingredients/ HTTP/1.1", host: "192.168.1.40:9003"
2025/08/06 10:14:11 [error] 1748165#0: *1 directory index of "/home/vincent/Repositories/Practice-Prototypes/Prototypes/nutritionFacts/Server/nginx/../../Client/out/Recipe-Ingredients/" is forbidden, client: 192.168.1.8, server: localhost, request: "GET /Recipe-Ingredients/ HTTP/1.1", host: "192.168.1.40:9003"
2025/08/06 10:14:11 [error] 1748165#0: *1 directory index of "/home/vincent/Repositories/Practice-Prototypes/Prototypes/nutritionFacts/Server/nginx/../../Client/out/Recipe-Ingredients/" is forbidden, client: 192.168.1.8, server: localhost, request: "GET /Recipe-Ingredients/ HTTP/1.1", host: "192.168.1.40:9003"
2025/08/06 10:14:11 [info] 1748165#0: *1 client 192.168.1.8 closed keepalive connection
2025/08/06 10:14:35 [notice] 1748806#0: signal process started
2025/08/06 10:14:35 [notice] 1748164#0: signal 15 (SIGTERM) received from 1748806, exiting
2025/08/06 10:14:35 [notice] 1748164#0: signal 15 (SIGTERM) received from 1748806, exiting
2025/08/06 10:14:35 [notice] 1748165#0: exiting
2025/08/06 10:14:35 [notice] 1748165#0: exiting
2025/08/06 10:14:35 [notice] 1748165#0: exit
2025/08/06 10:14:35 [notice] 1748164#0: signal 17 (SIGCHLD) received from 1748165
2025/08/06 10:14:35 [notice] 1748164#0: signal 17 (SIGCHLD) received from 1748165
2025/08/06 10:14:35 [notice] 1748164#0: worker process 1748165 exited with code 0
2025/08/06 10:14:35 [notice] 1748164#0: worker process 1748165 exited with code 0
2025/08/06 10:14:35 [notice] 1748164#0: exit
2025/08/06 10:14:35 [notice] 1748164#0: exit
